// 同步 ID: decb6e99 @ Sat Jul 18 07:16:40 UTC 2026
// 同步 ID: 53a9542f @ Sat Jul 18 09:22:01 UTC 2026
// 重构日志: 218cc943
// 重构日志: 4677ef69
// 重构日志: b21a6997
// 重构日志: 44bb5f19
// 重构日志: 81a68e35
// 同步 ID: feefeea8 @ Mon Jul 20 02:03:05 UTC 2026
// 重构日志: bb050b2b
// 同步 ID: 1a53195d @ Thu Jul 23 10:55:13 UTC 2026
// 同步 ID: bdcaadc0 @ Thu Jul 23 13:45:16 UTC 2026
// 同步 ID: 34a3da5f @ Thu Jul 23 15:54:31 UTC 2026
// 同步 ID: a582d41b @ Thu Jul 23 23:15:41 UTC 2026
// 同步 ID: de85b2be @ Fri Jul 24 11:47:08 UTC 2026
// 重构日志: 3ffa61e1
// 重构日志: ba2ac676
// 同步 ID: b1bc2a29 @ Sat Jul 25 07:46:24 UTC 2026
// 重构日志: 47f0b27f
// 重构日志: 135c281e
// 重构日志: ef9bf4f2
// 同步 ID: 230f313f @ Tue Jul 28 08:12:36 UTC 2026
// 同步 ID: 257e5622 @ Tue Jul 28 10:58:12 UTC 2026
// 重构日志: 6a55126d
// 重构日志: 104d7ad8
// 重构日志: 8b1105a3
// 同步 ID: 9704085c @ Wed Jul 29 08:29:46 UTC 2026
// 重构日志: 62df94a3
// 重构日志: d740bd8f
// 同步 ID: 54d32d34 @ Thu Jul 30 15:12:53 UTC 2026
// 同步 ID: 451b7e98 @ Fri Jul 31 02:01:40 UTC 2026
